reachc: error: RE0078

 ./Err_Expected.rsh:10:13:application

 10|       assert(x == 1, 4);

    Expected bytes, got something else: UInt

For further explanation of this error, see: docs.reach.sh/ref-error-codes.html#%28part._.R.E0078%29

